// Jest Snapshot v1, https://goo.gl/fbAQLP

exports[`<App /> render 1`] = `
<DocumentFragment>
  <section
    class="todoapp"
  >
    <header
      class="header"
    >
      <h1>
        todos
      </h1>
      <input
        class="new-todo"
        placeholder="What needs to be done?"
        type="text"
        value=""
      />
    </header>
    <section
      class="main"
    >
      <input
        class="toggle-all"
        id="toggle-all"
        type="checkbox"
      />
      <label
        for="toggle-all"
      >
        Mark all as complete
      </label>
      <ul
        class="todo-list"
      >
        <li
          class="completed"
        >
          <div
            class="view"
          >
            <input
              checked=""
              class="toggle"
              type="checkbox"
            />
            <label>
              Taste JavaScript
            </label>
            <button
              class="destroy"
            />
          </div>
        </li>
        <li
          class=""
        >
          <div
            class="view"
          >
            <input
              class="toggle"
              type="checkbox"
            />
            <label>
              Buy a unicorn
            </label>
            <button
              class="destroy"
            />
          </div>
        </li>
      </ul>
    </section>
    <footer
      class="footer"
    >
      <span
        class="todo-count"
      >
        <strong>
          1
        </strong>
         item left
      </span>
      <ul
        class="filters"
      >
        <li>
          <a
            aria-current="page"
            class="selected"
            href="/"
          >
            All
          </a>
        </li>
        <li>
          <a
            href="/active"
          >
            Active
          </a>
        </li>
        <li>
          <a
            href="/completed"
          >
            Completed
          </a>
        </li>
      </ul>
      <button
        class="clear-completed"
      >
        Clear completed
      </button>
    </footer>
  </section>
  <footer
    class="info"
  >
    <p>
      Double-click to edit a todo
    </p>
    <p>
      Created by 
      <a
        href="https://manuphatak.com"
      >
        Manu Phatak
      </a>
    </p>
    <p>
      Part of 
      <a
        href="http://todomvc.com"
      >
        TodoMVC
      </a>
    </p>
  </footer>
</DocumentFragment>
`;
